============================= test session starts =============================
platform win32 -- Python 3.13.1, pytest-9.0.2, pluggy-1.6.0
rootdir: C:\Users\aarav\OneDrive\Documents\Coding\Kuno
plugins: anyio-4.12.0, mock-3.15.1
collected 0 items / 1 error

=================================== ERRORS ====================================
_______________ ERROR collecting backend/tests/test_backend.py ________________
ImportError while importing test module 'C:\Users\aarav\OneDrive\Documents\Coding\Kuno\backend\tests\test_backend.py'.
Hint: make sure your test modules/packages have valid Python names.
Traceback:
..\..\..\..\AppData\Local\Programs\Python\Python313\Lib\importlib\__init__.py:88: in import_module
    return _bootstrap._gcd_import(name[level:], package, level)
           ^^^^^^^^^^^^^^^^^^^^^^^^^^^^^^^^^^^^^^^^^^^^^^^^^^^^
backend\tests\test_backend.py:10: in <module>
    from app.main import app
E   ModuleNotFoundError: No module named 'app'
=========================== short test summary info ===========================
ERROR backend/tests/test_backend.py
!!!!!!!!!!!!!!!!!!! Interrupted: 1 error during collection !!!!!!!!!!!!!!!!!!!!
============================== 1 error in 0.63s ===============================
